error 90
error 31
